// Jest Snapshot v1, https://goo.gl/fbAQLP

exports[`renders correctly 1`] = `
<View
  style={
    Object {
      "flex": 1,
    }
  }
>
  <View
    style={
      Object {
        "flex": 2,
      }
    }
  >
    <View
      style={
        Object {
          "borderBottomColor": "#87cefa",
          "borderBottomWidth": 1,
          "flexDirection": "row",
          "paddingLeft": 10,
        }
      }
    >
      <View
        style={
          Array [
            false,
            false,
            false,
            Object {
              "alignItems": "center",
              "backgroundColor": "transparent",
              "justifyContent": "center",
            },
            undefined,
          ]
        }
        underlayColor="white"
      >
        <Text
          accessible={true}
          allowFontScaling={false}
          ellipsizeMode="tail"
          style={
            Array [
              Object {
                "color": "black",
                "fontSize": 50,
              },
              Array [
                Object {
                  "backgroundColor": "transparent",
                },
                undefined,
              ],
              Object {
                "fontFamily": "Material Icons",
                "fontStyle": "normal",
                "fontWeight": "normal",
              },
            ]
          }
        >
          
        </Text>
      </View>
      <Text
        accessible={true}
        allowFontScaling={true}
        ellipsizeMode="tail"
        style={
          Object {
            "fontSize": 30,
            "paddingBottom": 15,
            "paddingLeft": 20,
            "paddingTop": 15,
          }
        }
      >
        test appointment
      </Text>
    </View>
    <View
      style={
        Object {
          "borderBottomColor": "#aaa",
          "borderBottomWidth": 1,
          "flexDirection": "row",
          "paddingLeft": 10,
        }
      }
    >
      <View
        style={
          Array [
            false,
            false,
            false,
            Object {
              "alignItems": "center",
              "backgroundColor": "transparent",
              "justifyContent": "center",
            },
            undefined,
          ]
        }
        underlayColor="white"
      >
        <Text
          accessible={true}
          allowFontScaling={false}
          ellipsizeMode="tail"
          style={
            Array [
              Object {
                "color": "black",
                "fontSize": 30,
              },
              Array [
                Object {
                  "backgroundColor": "transparent",
                },
                undefined,
              ],
              Object {
                "fontFamily": "Material Icons",
                "fontStyle": "normal",
                "fontWeight": "normal",
              },
            ]
          }
        >
          
        </Text>
      </View>
      <Text
        accessible={true}
        allowFontScaling={true}
        ellipsizeMode="tail"
        style={
          Object {
            "fontSize": 18,
            "paddingBottom": 15,
            "paddingLeft": 20,
            "paddingTop": 30,
          }
        }
      >
        test appointment
      </Text>
    </View>
    <View
      style={
        Object {
          "borderBottomColor": "#aaa",
          "borderBottomWidth": 1,
          "flexDirection": "row",
          "paddingLeft": 10,
        }
      }
    >
      <View
        style={
          Array [
            false,
            false,
            false,
            Object {
              "alignItems": "center",
              "backgroundColor": "transparent",
              "justifyContent": "center",
            },
            undefined,
          ]
        }
        underlayColor="white"
      >
        <Text
          accessible={true}
          allowFontScaling={false}
          ellipsizeMode="tail"
          style={
            Array [
              Object {
                "color": "black",
                "fontSize": 30,
              },
              Array [
                Object {
                  "backgroundColor": "transparent",
                },
                undefined,
              ],
              Object {
                "fontFamily": "Material Icons",
                "fontStyle": "normal",
                "fontWeight": "normal",
              },
            ]
          }
        >
          
        </Text>
      </View>
      <Text
        accessible={true}
        allowFontScaling={true}
        ellipsizeMode="tail"
        style={
          Object {
            "fontSize": 18,
            "paddingBottom": 15,
            "paddingLeft": 20,
            "paddingTop": 30,
          }
        }
      >
        test appointment
      </Text>
    </View>
  </View>
</View>
`;
